[2026-01-06 15:21:57.936610] Starting analysis for uploads\55f8e45f_squat.mp4
[2026-01-06 15:21:58.375275] Video Info: 480x848 @ 30.0fps, 491 frames
[2026-01-06 15:21:58.592104] Entering frame loop
[2026-01-06 15:23:09.975690] Writing output video to outputs\analyzed_55f8e45f.mp4 with 491 frames
[2026-01-06 15:23:13.384774] Video writing complete
[2026-01-06 15:29:08.199769] Starting analysis for uploads\425aea14_squat.mp4
[2026-01-06 15:29:08.314043] Video Info: 480x848 @ 30.0fps, 491 frames
[2026-01-06 15:29:08.403068] Entering frame loop
[2026-01-06 15:30:19.894910] Writing output video to outputs\analyzed_425aea14.mp4 with 491 frames
[2026-01-06 15:30:28.282603] Video writing complete
[2026-01-06 15:41:44.173207] Starting analysis for uploads\d0fc9187_squat.mp4
[2026-01-06 15:41:44.299315] Video Info: 480x848 @ 30.0fps, 491 frames
[2026-01-06 15:41:44.378984] Entering frame loop
[2026-01-06 15:45:57.922830] Starting analysis for uploads\36f52e57_squat.mp4
[2026-01-06 15:45:58.030453] Video Info: 480x848 @ 30.0fps, 491 frames
[2026-01-06 15:45:58.201058] Entering frame loop
[2026-01-06 15:49:46.004634] Starting analysis for uploads\efbd04ca_squat.mp4
[2026-01-06 15:49:46.199931] Video Info: 480x848 @ 30.0fps, 491 frames
[2026-01-06 15:49:46.396667] Entering frame loop
[2026-01-06 15:58:45.866984] Starting analysis for uploads\b45a3144_squat.mp4
[2026-01-06 15:58:46.175213] Video Info: 480x848 @ 30.0fps, 491 frames
[2026-01-06 15:58:47.845540] Entering frame loop
[2026-01-06 16:09:19.367742] Starting analysis for uploads\a1384cfc_squat.mp4
[2026-01-06 16:09:19.726874] Video Info: 480x848 @ 30.0fps, 491 frames
[2026-01-06 16:09:19.982303] Entering frame loop
[2026-01-06 16:19:36.485811] Starting analysis for uploads\078e97cc_squat.mp4
[2026-01-06 16:19:36.699396] Video Info: 480x848 @ 30.0fps, 491 frames
[2026-01-06 16:19:37.774485] Entering frame loop
[2026-01-06 16:23:59.756792] Starting analysis for uploads\e5974c79_squat.mp4
[2026-01-06 16:24:00.092951] Video Info: 480x848 @ 30.0fps, 491 frames
[2026-01-06 16:24:02.030301] Entering frame loop
[2026-01-06 16:41:21.184481] Starting analysis for uploads\2b5d487d_squat.mp4
[2026-01-06 16:41:21.578888] Video Info: 480x848 @ 30.0fps, 491 frames
[2026-01-06 16:41:23.395072] Entering frame loop
